Error: bragdoc is not initialized. Please run 'bragdoc init' first.

Example:
  bragdoc init --name "Your Name" --email "your.email@example.com"
Usage:
  bragdoc tag list [flags]

Flags:
  -f, --format string   Output format (table|json|yaml) (default "table")
  -h, --help            help for list

